---
source: tui/src/bottom_pane/chat_composer.rs
expression: terminal.backend()
---
"╭──────────────────────────────────────────────────────────╮"
"│ › bc                                                     │"
"│                                                          │"
"│                                                          │"
"│                                                          │"
"│                                                          │"
"│                                                          │"
"╰──────────────────────────────────────────────────────────╯"
"                           100% context left | Vim: Normal  "
